  Individuazione dei progetti da ripristinare...
  Nessuna azione. Nessuno dei progetti specificati contiene pacchetti da ripristinare.
C:\Program Files\dotnet\sdk\9.0.312\Microsoft.Common.CurrentVersion.targets(2433,5): warning MSB3245: non ├¿ stato possibile risolvere il riferimento. Non ├¿ stato possibile trovare l'assembly "Microsoft.ReportViewer.Common, Version=11.0.0.0, Culture=neutral, PublicKeyToken=89845dcd8080cc91". Verificare che sia presente sul disco. Se il riferimento ├¿ richiesto dal codice, potrebbero essere generati errori di compilazione. [C:\ApProject\APOffice\APOffice.csproj]
C:\Program Files\dotnet\sdk\9.0.312\Microsoft.Common.CurrentVersion.targets(2433,5): warning MSB3245: non ├¿ stato possibile risolvere il riferimento. Non ├¿ stato possibile trovare l'assembly "Microsoft.ReportViewer.WinForms, Version=11.0.0.0, Culture=neutral, PublicKeyToken=89845dcd8080cc91". Verificare che sia presente sul disco. Se il riferimento ├¿ richiesto dal codice, potrebbero essere generati errori di compilazione. [C:\ApProject\APOffice\APOffice.csproj]
C:\Program Files\dotnet\sdk\9.0.312\Microsoft.CSharp.CurrentVersion.targets(130,9): warning MSB3884: il file del set di regole "ManagedMinimumRules.ruleset" non ├¿ stato trovato. [C:\ApProject\APOffice\APOffice.csproj]
C:\ApProject\APOffice\frmAnaArtIngredient2.cs(11,7): warning CS0105: La direttiva using per 'System.Data' ├¿ gi├á presente in questo spazio dei nomi [C:\ApProject\APOffice\APOffice.csproj]
C:\ApProject\APOffice\frmGesPrn1.cs(10,17): error CS0234: Il tipo o il nome dello spazio dei nomi 'Reporting' non esiste nello spazio dei nomi 'Microsoft'. Probabilmente manca un riferimento all'assembly. [C:\ApProject\APOffice\APOffice.csproj]
C:\ApProject\APOffice\frmUtyImportXls.cs(715,74): error CS0246: Il nome di tipo o di spazio dei nomi 'SqlConnection' non ├¿ stato trovato. Probabilmente manca una direttiva using o un riferimento all'assembly. [C:\ApProject\APOffice\APOffice.csproj]
C:\ApProject\APOffice\frmUtyImportXls.cs(715,92): error CS0246: Il nome di tipo o di spazio dei nomi 'SqlTransaction' non ├¿ stato trovato. Probabilmente manca una direttiva using o un riferimento all'assembly. [C:\ApProject\APOffice\APOffice.csproj]
C:\ApProject\APOffice\frmUtyImportXls.cs(740,106): error CS0246: Il nome di tipo o di spazio dei nomi 'SqlParameter' non ├¿ stato trovato. Probabilmente manca una direttiva using o un riferimento all'assembly. [C:\ApProject\APOffice\APOffice.csproj]
C:\ApProject\APOffice\frmGesPrn1.Designer.cs(85,27): error CS0234: Il tipo o il nome dello spazio dei nomi 'Reporting' non esiste nello spazio dei nomi 'Microsoft'. Probabilmente manca un riferimento all'assembly. [C:\ApProject\APOffice\APOffice.csproj]
C:\ApProject\APOffice\frmGesVariazioni.cs(56,22): warning CS0108: 'frmGesVariazioni.DoubleBuffered(DataGridView, bool)' nasconde il membro ereditato 'Control.DoubleBuffered'. Se questo comportamento ├¿ intenzionale, usare la parola chiave new. [C:\ApProject\APOffice\APOffice.csproj]

Compilazione NON RIUSCITA.

C:\Program Files\dotnet\sdk\9.0.312\Microsoft.Common.CurrentVersion.targets(2433,5): warning MSB3245: non ├¿ stato possibile risolvere il riferimento. Non ├¿ stato possibile trovare l'assembly "Microsoft.ReportViewer.Common, Version=11.0.0.0, Culture=neutral, PublicKeyToken=89845dcd8080cc91". Verificare che sia presente sul disco. Se il riferimento ├¿ richiesto dal codice, potrebbero essere generati errori di compilazione. [C:\ApProject\APOffice\APOffice.csproj]
C:\Program Files\dotnet\sdk\9.0.312\Microsoft.Common.CurrentVersion.targets(2433,5): warning MSB3245: non ├¿ stato possibile risolvere il riferimento. Non ├¿ stato possibile trovare l'assembly "Microsoft.ReportViewer.WinForms, Version=11.0.0.0, Culture=neutral, PublicKeyToken=89845dcd8080cc91". Verificare che sia presente sul disco. Se il riferimento ├¿ richiesto dal codice, potrebbero essere generati errori di compilazione. [C:\ApProject\APOffice\APOffice.csproj]
C:\Program Files\dotnet\sdk\9.0.312\Microsoft.CSharp.CurrentVersion.targets(130,9): warning MSB3884: il file del set di regole "ManagedMinimumRules.ruleset" non ├¿ stato trovato. [C:\ApProject\APOffice\APOffice.csproj]
C:\ApProject\APOffice\frmAnaArtIngredient2.cs(11,7): warning CS0105: La direttiva using per 'System.Data' ├¿ gi├á presente in questo spazio dei nomi [C:\ApProject\APOffice\APOffice.csproj]
C:\ApProject\APOffice\frmGesVariazioni.cs(56,22): warning CS0108: 'frmGesVariazioni.DoubleBuffered(DataGridView, bool)' nasconde il membro ereditato 'Control.DoubleBuffered'. Se questo comportamento ├¿ intenzionale, usare la parola chiave new. [C:\ApProject\APOffice\APOffice.csproj]
C:\ApProject\APOffice\frmGesPrn1.cs(10,17): error CS0234: Il tipo o il nome dello spazio dei nomi 'Reporting' non esiste nello spazio dei nomi 'Microsoft'. Probabilmente manca un riferimento all'assembly. [C:\ApProject\APOffice\APOffice.csproj]
C:\ApProject\APOffice\frmUtyImportXls.cs(715,74): error CS0246: Il nome di tipo o di spazio dei nomi 'SqlConnection' non ├¿ stato trovato. Probabilmente manca una direttiva using o un riferimento all'assembly. [C:\ApProject\APOffice\APOffice.csproj]
C:\ApProject\APOffice\frmUtyImportXls.cs(715,92): error CS0246: Il nome di tipo o di spazio dei nomi 'SqlTransaction' non ├¿ stato trovato. Probabilmente manca una direttiva using o un riferimento all'assembly. [C:\ApProject\APOffice\APOffice.csproj]
C:\ApProject\APOffice\frmUtyImportXls.cs(740,106): error CS0246: Il nome di tipo o di spazio dei nomi 'SqlParameter' non ├¿ stato trovato. Probabilmente manca una direttiva using o un riferimento all'assembly. [C:\ApProject\APOffice\APOffice.csproj]
C:\ApProject\APOffice\frmGesPrn1.Designer.cs(85,27): error CS0234: Il tipo o il nome dello spazio dei nomi 'Reporting' non esiste nello spazio dei nomi 'Microsoft'. Probabilmente manca un riferimento all'assembly. [C:\ApProject\APOffice\APOffice.csproj]
    Avvisi: 5
    Errori: 5

Tempo trascorso 00:00:01.22
